Godot Engine v4.7.1.stable.official.a13da4feb - https://godotengine.org
OpenGL API 4.1 Metal - 90.5 - Compatibility - Using Device: Apple - Apple M5 Pro

[autoload] GameClock ok
[autoload] GameData starting
[autoload] GameData ok: 5 worlds, 67 levels, 15 monsters, 106 shop items, 2 characters, 12 outfit sets
[autoload] SaveManager starting
[autoload] SaveManager ok
[autoload] I18n starting
[autoload] I18n ok: locale=zh, 2 locales loaded
[autoload] AudioManager starting
[autoload] AudioManager ok
[autoload] SceneManager starting
[autoload] SceneManager ok
[autoload] TouchSparkles ok
=== farm life probe: portraits ===
-- FarmLife 1280x720 build world
-- FarmLife 1280x720 mouse greeting
-- FarmLife 1280x720 touch greeting
-- FarmLife 1280x720 capture rabbit_greeting
-- FarmLife 1280x720 captured rabbit_greeting
-- FarmLife 1280x720 input priority / existing animals / dog
-- FarmLife 1280x720 reduced-motion greeting
-- FarmLife 1280x720 capture rabbit_reduce_motion
-- FarmLife 1280x720 captured rabbit_reduce_motion
-- FarmLife 1280x720 complete
-- FarmLife 1024x768 build world
-- FarmLife 1024x768 mouse greeting
-- FarmLife 1024x768 touch greeting
-- FarmLife 1024x768 capture rabbit_greeting
-- FarmLife 1024x768 captured rabbit_greeting
-- FarmLife 1024x768 input priority / existing animals / dog
-- FarmLife 1024x768 reduced-motion greeting
-- FarmLife 1024x768 capture rabbit_reduce_motion
-- FarmLife 1024x768 captured rabbit_reduce_motion
-- FarmLife 1024x768 complete
asked 79 questions
FARM LIFE PROBE PASSED
