Godot Engine v4.7.1.stable.official.a13da4feb - https://godotengine.org

[autoload] GameClock ok
[autoload] GameData starting
[autoload] GameData ok: 5 worlds, 67 levels, 15 monsters, 106 shop items, 2 characters, 12 outfit sets
[autoload] SaveManager starting
[autoload] SaveManager ok
[autoload] I18n starting
[autoload] I18n ok: locale=zh, 2 locales loaded
[autoload] AudioManager starting
[autoload] AudioManager ok
[autoload] SceneManager starting
[autoload] SceneManager ok
[autoload] TouchSparkles ok

=== garden probe ===
asked 631 questions
GARDEN PROBE PASSED

WARNING: 4 ObjectDB instances were leaked at exit (run with `--verbose` for details).
   at: cleanup (core/object/object.cpp:2536)
ERROR: 2 resources still in use at exit (run with --verbose for details).
   at: clear (core/io/resource.cpp:822)
