Godot Engine v4.7.1.stable.official.a13da4feb - https://godotengine.org
OpenGL API 4.1 Metal - 90.5 - Compatibility - Using Device: Apple - Apple M5 Pro

[autoload] GameClock ok
[autoload] GameData starting
[autoload] GameData ok: 5 worlds, 67 levels, 15 monsters, 106 shop items, 2 characters, 12 outfit sets
[autoload] SaveManager starting
[autoload] SaveManager ok
[autoload] I18n starting
[autoload] I18n ok: locale=zh, 2 locales loaded
[autoload] AudioManager starting
[autoload] AudioManager ok
[autoload] SceneManager starting
[autoload] SceneManager ok
[autoload] TouchSparkles ok

=== garden touch probe ===
-- window (1280, 720) -> viewport (1280.0, 720.0)
WARNING: garden: bed plot_3 cycle 3 was already paid for; freed without pay
     at: push_warning (core/variant/variant_utility.cpp:1033)
     GDScript backtrace (most recent call first):
         [0] _free_a_bed_paid_twice (res://scripts/garden/garden_screen.gd:1810)
         [1] _harvest_core (res://scripts/garden/garden_screen.gd:1843)
         [2] _harvest (res://scripts/garden/garden_screen.gd:1746)
         [3] _a_harvest_is_paid_for_once (res://tests/garden_touch_probe.gd:801)
WARNING: garden: bed plot_3 cycle 3 was already paid for; freed without pay
     at: push_warning (core/variant/variant_utility.cpp:1033)
     GDScript backtrace (most recent call first):
         [0] _free_a_bed_paid_twice (res://scripts/garden/garden_screen.gd:1810)
         [1] _harvest_core (res://scripts/garden/garden_screen.gd:1843)
         [2] _harvest (res://scripts/garden/garden_screen.gd:1746)
         [3] _a_harvest_is_paid_for_once (res://tests/garden_touch_probe.gd:813)
ERROR: The object does not have any 'meta' values with the key 'grab_rect'.
   at: get_meta (core/object/object.cpp:1053)
   GDScript backtrace (most recent call first):
       [0] _grab (res://scripts/shared/drag_field.gd:157)
       [1] _handle (res://scripts/shared/drag_field.gd:130)
       [2] _input (res://scripts/shared/drag_field.gd:111)
ERROR: The object does not have any 'meta' values with the key 'grab_rect'.
   at: get_meta (core/object/object.cpp:1053)
   GDScript backtrace (most recent call first):
       [0] _grab (res://scripts/shared/drag_field.gd:157)
       [1] _handle (res://scripts/shared/drag_field.gd:130)
       [2] _input (res://scripts/shared/drag_field.gd:111)
ERROR: The object does not have any 'meta' values with the key 'grab_rect'.
   at: get_meta (core/object/object.cpp:1053)
   GDScript backtrace (most recent call first):
       [0] _grab (res://scripts/shared/drag_field.gd:157)
       [1] _handle (res://scripts/shared/drag_field.gd:130)
       [2] _input (res://scripts/shared/drag_field.gd:111)
ERROR: The object does not have any 'meta' values with the key 'grab_rect'.
   at: get_meta (core/object/object.cpp:1053)
   GDScript backtrace (most recent call first):
       [0] _grab (res://scripts/shared/drag_field.gd:157)
       [1] _handle (res://scripts/shared/drag_field.gd:130)
       [2] _input (res://scripts/shared/drag_field.gd:111)
ERROR: The object does not have any 'meta' values with the key 'grab_rect'.
   at: get_meta (core/object/object.cpp:1053)
   GDScript backtrace (most recent call first):
       [0] _grab (res://scripts/shared/drag_field.gd:157)
       [1] _handle (res://scripts/shared/drag_field.gd:130)
       [2] _input (res://scripts/shared/drag_field.gd:111)
ERROR: The object does not have any 'meta' values with the key 'grab_rect'.
   at: get_meta (core/object/object.cpp:1053)
   GDScript backtrace (most recent call first):
       [0] _grab (res://scripts/shared/drag_field.gd:157)
       [1] _handle (res://scripts/shared/drag_field.gd:130)
       [2] _input (res://scripts/shared/drag_field.gd:111)
ERROR: The object does not have any 'meta' values with the key 'grab_rect'.
   at: get_meta (core/object/object.cpp:1053)
   GDScript backtrace (most recent call first):
       [0] _grab (res://scripts/shared/drag_field.gd:157)
       [1] _handle (res://scripts/shared/drag_field.gd:130)
       [2] _input (res://scripts/shared/drag_field.gd:111)
ERROR: The object does not have any 'meta' values with the key 'grab_rect'.
   at: get_meta (core/object/object.cpp:1053)
   GDScript backtrace (most recent call first):
       [0] _grab (res://scripts/shared/drag_field.gd:157)
       [1] _handle (res://scripts/shared/drag_field.gd:130)
       [2] _input (res://scripts/shared/drag_field.gd:111)
ERROR: The object does not have any 'meta' values with the key 'grab_rect'.
   at: get_meta (core/object/object.cpp:1053)
   GDScript backtrace (most recent call first):
       [0] _grab (res://scripts/shared/drag_field.gd:157)
       [1] _handle (res://scripts/shared/drag_field.gd:130)
       [2] _input (res://scripts/shared/drag_field.gd:111)
ERROR: The object does not have any 'meta' values with the key 'grab_rect'.
   at: get_meta (core/object/object.cpp:1053)
   GDScript backtrace (most recent call first):
       [0] _grab (res://scripts/shared/drag_field.gd:157)
       [1] _handle (res://scripts/shared/drag_field.gd:130)
       [2] _input (res://scripts/shared/drag_field.gd:111)
ERROR: The object does not have any 'meta' values with the key 'grab_rect'.
   at: get_meta (core/object/object.cpp:1053)
   GDScript backtrace (most recent call first):
       [0] _grab (res://scripts/shared/drag_field.gd:157)
       [1] _handle (res://scripts/shared/drag_field.gd:130)
       [2] _input (res://scripts/shared/drag_field.gd:111)
ERROR: The object does not have any 'meta' values with the key 'grab_rect'.
   at: get_meta (core/object/object.cpp:1053)
   GDScript backtrace (most recent call first):
       [0] _grab (res://scripts/shared/drag_field.gd:157)
       [1] _handle (res://scripts/shared/drag_field.gd:130)
       [2] _input (res://scripts/shared/drag_field.gd:111)
ERROR: The object does not have any 'meta' values with the key 'grab_rect'.
   at: get_meta (core/object/object.cpp:1053)
   GDScript backtrace (most recent call first):
       [0] _grab (res://scripts/shared/drag_field.gd:157)
       [1] _handle (res://scripts/shared/drag_field.gd:130)
       [2] _input (res://scripts/shared/drag_field.gd:111)
ERROR: The object does not have any 'meta' values with the key 'grab_rect'.
   at: get_meta (core/object/object.cpp:1053)
   GDScript backtrace (most recent call first):
       [0] _grab (res://scripts/shared/drag_field.gd:157)
       [1] _handle (res://scripts/shared/drag_field.gd:130)
       [2] _input (res://scripts/shared/drag_field.gd:111)
ERROR: The object does not have any 'meta' values with the key 'grab_rect'.
   at: get_meta (core/object/object.cpp:1053)
   GDScript backtrace (most recent call first):
       [0] _grab (res://scripts/shared/drag_field.gd:157)
       [1] _handle (res://scripts/shared/drag_field.gd:130)
       [2] _input (res://scripts/shared/drag_field.gd:111)
ERROR: The object does not have any 'meta' values with the key 'grab_rect'.
   at: get_meta (core/object/object.cpp:1053)
   GDScript backtrace (most recent call first):
       [0] _grab (res://scripts/shared/drag_field.gd:157)
       [1] _handle (res://scripts/shared/drag_field.gd:130)
       [2] _input (res://scripts/shared/drag_field.gd:111)
ERROR: The object does not have any 'meta' values with the key 'grab_rect'.
   at: get_meta (core/object/object.cpp:1053)
   GDScript backtrace (most recent call first):
       [0] _grab (res://scripts/shared/drag_field.gd:157)
       [1] _handle (res://scripts/shared/drag_field.gd:130)
       [2] _input (res://scripts/shared/drag_field.gd:111)
ERROR: The object does not have any 'meta' values with the key 'grab_rect'.
   at: get_meta (core/object/object.cpp:1053)
   GDScript backtrace (most recent call first):
       [0] _grab (res://scripts/shared/drag_field.gd:157)
       [1] _handle (res://scripts/shared/drag_field.gd:118)
       [2] _input (res://scripts/shared/drag_field.gd:111)
ERROR: The object does not have any 'meta' values with the key 'grab_rect'.
   at: get_meta (core/object/object.cpp:1053)
   GDScript backtrace (most recent call first):
       [0] _grab (res://scripts/shared/drag_field.gd:157)
       [1] _handle (res://scripts/shared/drag_field.gd:118)
       [2] _input (res://scripts/shared/drag_field.gd:111)
ERROR: The object does not have any 'meta' values with the key 'grab_rect'.
   at: get_meta (core/object/object.cpp:1053)
   GDScript backtrace (most recent call first):
       [0] _grab (res://scripts/shared/drag_field.gd:157)
       [1] _handle (res://scripts/shared/drag_field.gd:118)
       [2] _input (res://scripts/shared/drag_field.gd:111)
ERROR: The object does not have any 'meta' values with the key 'grab_rect'.
   at: get_meta (core/object/object.cpp:1053)
   GDScript backtrace (most recent call first):
       [0] _grab (res://scripts/shared/drag_field.gd:157)
       [1] _handle (res://scripts/shared/drag_field.gd:130)
       [2] _input (res://scripts/shared/drag_field.gd:111)
ERROR: The object does not have any 'meta' values with the key 'grab_rect'.
   at: get_meta (core/object/object.cpp:1053)
   GDScript backtrace (most recent call first):
       [0] _grab (res://scripts/shared/drag_field.gd:157)
       [1] _handle (res://scripts/shared/drag_field.gd:130)
       [2] _input (res://scripts/shared/drag_field.gd:111)
ERROR: The object does not have any 'meta' values with the key 'grab_rect'.
   at: get_meta (core/object/object.cpp:1053)
   GDScript backtrace (most recent call first):
       [0] _grab (res://scripts/shared/drag_field.gd:157)
       [1] _handle (res://scripts/shared/drag_field.gd:130)
       [2] _input (res://scripts/shared/drag_field.gd:111)
ERROR: The object does not have any 'meta' values with the key 'grab_rect'.
   at: get_meta (core/object/object.cpp:1053)
   GDScript backtrace (most recent call first):
       [0] _grab (res://scripts/shared/drag_field.gd:157)
       [1] _handle (res://scripts/shared/drag_field.gd:130)
       [2] _input (res://scripts/shared/drag_field.gd:111)
ERROR: The object does not have any 'meta' values with the key 'grab_rect'.
   at: get_meta (core/object/object.cpp:1053)
   GDScript backtrace (most recent call first):
       [0] _grab (res://scripts/shared/drag_field.gd:157)
       [1] _handle (res://scripts/shared/drag_field.gd:130)
       [2] _input (res://scripts/shared/drag_field.gd:111)
ERROR: The object does not have any 'meta' values with the key 'grab_rect'.
   at: get_meta (core/object/object.cpp:1053)
   GDScript backtrace (most recent call first):
       [0] _grab (res://scripts/shared/drag_field.gd:157)
       [1] _handle (res://scripts/shared/drag_field.gd:130)
       [2] _input (res://scripts/shared/drag_field.gd:111)
ERROR: The object does not have any 'meta' values with the key 'grab_rect'.
   at: get_meta (core/object/object.cpp:1053)
   GDScript backtrace (most recent call first):
       [0] _grab (res://scripts/shared/drag_field.gd:157)
       [1] _handle (res://scripts/shared/drag_field.gd:130)
       [2] _input (res://scripts/shared/drag_field.gd:111)
ERROR: The object does not have any 'meta' values with the key 'grab_rect'.
   at: get_meta (core/object/object.cpp:1053)
   GDScript backtrace (most recent call first):
       [0] _grab (res://scripts/shared/drag_field.gd:157)
       [1] _handle (res://scripts/shared/drag_field.gd:130)
       [2] _input (res://scripts/shared/drag_field.gd:111)
ERROR: The object does not have any 'meta' values with the key 'grab_rect'.
   at: get_meta (core/object/object.cpp:1053)
   GDScript backtrace (most recent call first):
       [0] _grab (res://scripts/shared/drag_field.gd:157)
       [1] _handle (res://scripts/shared/drag_field.gd:118)
       [2] _input (res://scripts/shared/drag_field.gd:111)
DBG care ctx: garden_valid=true world=true finger=-1 locked=false blockers=4 level_id=harvest_16
DBG care after pour: state=GROWING care='' dailies_water=3
DBG final tap: bed=(-34.0, 140.0) inside=false blocked=false under=0 wants=true state=NEEDS_CARE care='thirsty'
DBG final after: state=GROWING care=''
WARNING: garden: bed plot_1 cycle 3 was already paid for; freed without pay
     at: push_warning (core/variant/variant_utility.cpp:1033)
     GDScript backtrace (most recent call first):
         [0] _free_a_bed_paid_twice (res://scripts/garden/garden_screen.gd:1810)
         [1] _harvest_core (res://scripts/garden/garden_screen.gd:1843)
         [2] _harvest (res://scripts/garden/garden_screen.gd:1746)
         [3] _tap_plot (res://scripts/garden/garden_screen.gd:1580)
         [4] press_at (res://scripts/garden/farm_world_controller.gd:1153)
         [5] _up (res://scripts/garden/farm_world_controller.gd:1134)
         [6] _input (res://scripts/garden/farm_world_controller.gd:967)
-- window (1024, 768) -> viewport (1280.0, 960.0)
WARNING: garden: bed plot_3 cycle 3 was already paid for; freed without pay
     at: push_warning (core/variant/variant_utility.cpp:1033)
     GDScript backtrace (most recent call first):
         [0] _free_a_bed_paid_twice (res://scripts/garden/garden_screen.gd:1810)
         [1] _harvest_core (res://scripts/garden/garden_screen.gd:1843)
         [2] _harvest (res://scripts/garden/garden_screen.gd:1746)
         [3] _a_harvest_is_paid_for_once (res://tests/garden_touch_probe.gd:801)
WARNING: garden: bed plot_3 cycle 3 was already paid for; freed without pay
     at: push_warning (core/variant/variant_utility.cpp:1033)
     GDScript backtrace (most recent call first):
         [0] _free_a_bed_paid_twice (res://scripts/garden/garden_screen.gd:1810)
         [1] _harvest_core (res://scripts/garden/garden_screen.gd:1843)
         [2] _harvest (res://scripts/garden/garden_screen.gd:1746)
         [3] _a_harvest_is_paid_for_once (res://tests/garden_touch_probe.gd:813)
ERROR: The object does not have any 'meta' values with the key 'grab_rect'.
   at: get_meta (core/object/object.cpp:1053)
   GDScript backtrace (most recent call first):
       [0] _grab (res://scripts/shared/drag_field.gd:157)
       [1] _handle (res://scripts/shared/drag_field.gd:130)
       [2] _input (res://scripts/shared/drag_field.gd:111)
ERROR: The object does not have any 'meta' values with the key 'grab_rect'.
   at: get_meta (core/object/object.cpp:1053)
   GDScript backtrace (most recent call first):
       [0] _grab (res://scripts/shared/drag_field.gd:157)
       [1] _handle (res://scripts/shared/drag_field.gd:130)
       [2] _input (res://scripts/shared/drag_field.gd:111)
ERROR: The object does not have any 'meta' values with the key 'grab_rect'.
   at: get_meta (core/object/object.cpp:1053)
   GDScript backtrace (most recent call first):
       [0] _grab (res://scripts/shared/drag_field.gd:157)
       [1] _handle (res://scripts/shared/drag_field.gd:130)
       [2] _input (res://scripts/shared/drag_field.gd:111)
ERROR: The object does not have any 'meta' values with the key 'grab_rect'.
   at: get_meta (core/object/object.cpp:1053)
   GDScript backtrace (most recent call first):
       [0] _grab (res://scripts/shared/drag_field.gd:157)
       [1] _handle (res://scripts/shared/drag_field.gd:130)
       [2] _input (res://scripts/shared/drag_field.gd:111)
ERROR: The object does not have any 'meta' values with the key 'grab_rect'.
   at: get_meta (core/object/object.cpp:1053)
   GDScript backtrace (most recent call first):
       [0] _grab (res://scripts/shared/drag_field.gd:157)
       [1] _handle (res://scripts/shared/drag_field.gd:130)
       [2] _input (res://scripts/shared/drag_field.gd:111)
ERROR: The object does not have any 'meta' values with the key 'grab_rect'.
   at: get_meta (core/object/object.cpp:1053)
   GDScript backtrace (most recent call first):
       [0] _grab (res://scripts/shared/drag_field.gd:157)
       [1] _handle (res://scripts/shared/drag_field.gd:130)
       [2] _input (res://scripts/shared/drag_field.gd:111)
ERROR: The object does not have any 'meta' values with the key 'grab_rect'.
   at: get_meta (core/object/object.cpp:1053)
   GDScript backtrace (most recent call first):
       [0] _grab (res://scripts/shared/drag_field.gd:157)
       [1] _handle (res://scripts/shared/drag_field.gd:130)
       [2] _input (res://scripts/shared/drag_field.gd:111)
ERROR: The object does not have any 'meta' values with the key 'grab_rect'.
   at: get_meta (core/object/object.cpp:1053)
   GDScript backtrace (most recent call first):
       [0] _grab (res://scripts/shared/drag_field.gd:157)
       [1] _handle (res://scripts/shared/drag_field.gd:130)
       [2] _input (res://scripts/shared/drag_field.gd:111)
ERROR: The object does not have any 'meta' values with the key 'grab_rect'.
   at: get_meta (core/object/object.cpp:1053)
   GDScript backtrace (most recent call first):
       [0] _grab (res://scripts/shared/drag_field.gd:157)
       [1] _handle (res://scripts/shared/drag_field.gd:130)
       [2] _input (res://scripts/shared/drag_field.gd:111)
ERROR: The object does not have any 'meta' values with the key 'grab_rect'.
   at: get_meta (core/object/object.cpp:1053)
   GDScript backtrace (most recent call first):
       [0] _grab (res://scripts/shared/drag_field.gd:157)
       [1] _handle (res://scripts/shared/drag_field.gd:130)
       [2] _input (res://scripts/shared/drag_field.gd:111)
ERROR: The object does not have any 'meta' values with the key 'grab_rect'.
   at: get_meta (core/object/object.cpp:1053)
   GDScript backtrace (most recent call first):
       [0] _grab (res://scripts/shared/drag_field.gd:157)
       [1] _handle (res://scripts/shared/drag_field.gd:130)
       [2] _input (res://scripts/shared/drag_field.gd:111)
ERROR: The object does not have any 'meta' values with the key 'grab_rect'.
   at: get_meta (core/object/object.cpp:1053)
   GDScript backtrace (most recent call first):
       [0] _grab (res://scripts/shared/drag_field.gd:157)
       [1] _handle (res://scripts/shared/drag_field.gd:130)
       [2] _input (res://scripts/shared/drag_field.gd:111)
ERROR: The object does not have any 'meta' values with the key 'grab_rect'.
   at: get_meta (core/object/object.cpp:1053)
   GDScript backtrace (most recent call first):
       [0] _grab (res://scripts/shared/drag_field.gd:157)
       [1] _handle (res://scripts/shared/drag_field.gd:130)
       [2] _input (res://scripts/shared/drag_field.gd:111)
ERROR: The object does not have any 'meta' values with the key 'grab_rect'.
   at: get_meta (core/object/object.cpp:1053)
   GDScript backtrace (most recent call first):
       [0] _grab (res://scripts/shared/drag_field.gd:157)
       [1] _handle (res://scripts/shared/drag_field.gd:130)
       [2] _input (res://scripts/shared/drag_field.gd:111)
ERROR: The object does not have any 'meta' values with the key 'grab_rect'.
   at: get_meta (core/object/object.cpp:1053)
   GDScript backtrace (most recent call first):
       [0] _grab (res://scripts/shared/drag_field.gd:157)
       [1] _handle (res://scripts/shared/drag_field.gd:130)
       [2] _input (res://scripts/shared/drag_field.gd:111)
ERROR: The object does not have any 'meta' values with the key 'grab_rect'.
   at: get_meta (core/object/object.cpp:1053)
   GDScript backtrace (most recent call first):
       [0] _grab (res://scripts/shared/drag_field.gd:157)
       [1] _handle (res://scripts/shared/drag_field.gd:130)
       [2] _input (res://scripts/shared/drag_field.gd:111)
ERROR: The object does not have any 'meta' values with the key 'grab_rect'.
   at: get_meta (core/object/object.cpp:1053)
   GDScript backtrace (most recent call first):
       [0] _grab (res://scripts/shared/drag_field.gd:157)
       [1] _handle (res://scripts/shared/drag_field.gd:130)
       [2] _input (res://scripts/shared/drag_field.gd:111)
ERROR: The object does not have any 'meta' values with the key 'grab_rect'.
   at: get_meta (core/object/object.cpp:1053)
   GDScript backtrace (most recent call first):
       [0] _grab (res://scripts/shared/drag_field.gd:157)
       [1] _handle (res://scripts/shared/drag_field.gd:118)
       [2] _input (res://scripts/shared/drag_field.gd:111)
ERROR: The object does not have any 'meta' values with the key 'grab_rect'.
   at: get_meta (core/object/object.cpp:1053)
   GDScript backtrace (most recent call first):
       [0] _grab (res://scripts/shared/drag_field.gd:157)
       [1] _handle (res://scripts/shared/drag_field.gd:118)
       [2] _input (res://scripts/shared/drag_field.gd:111)
ERROR: The object does not have any 'meta' values with the key 'grab_rect'.
   at: get_meta (core/object/object.cpp:1053)
   GDScript backtrace (most recent call first):
       [0] _grab (res://scripts/shared/drag_field.gd:157)
       [1] _handle (res://scripts/shared/drag_field.gd:118)
       [2] _input (res://scripts/shared/drag_field.gd:111)
ERROR: The object does not have any 'meta' values with the key 'grab_rect'.
   at: get_meta (core/object/object.cpp:1053)
   GDScript backtrace (most recent call first):
       [0] _grab (res://scripts/shared/drag_field.gd:157)
       [1] _handle (res://scripts/shared/drag_field.gd:130)
       [2] _input (res://scripts/shared/drag_field.gd:111)
ERROR: The object does not have any 'meta' values with the key 'grab_rect'.
   at: get_meta (core/object/object.cpp:1053)
   GDScript backtrace (most recent call first):
       [0] _grab (res://scripts/shared/drag_field.gd:157)
       [1] _handle (res://scripts/shared/drag_field.gd:130)
       [2] _input (res://scripts/shared/drag_field.gd:111)
ERROR: The object does not have any 'meta' values with the key 'grab_rect'.
   at: get_meta (core/object/object.cpp:1053)
   GDScript backtrace (most recent call first):
       [0] _grab (res://scripts/shared/drag_field.gd:157)
       [1] _handle (res://scripts/shared/drag_field.gd:130)
       [2] _input (res://scripts/shared/drag_field.gd:111)
ERROR: The object does not have any 'meta' values with the key 'grab_rect'.
   at: get_meta (core/object/object.cpp:1053)
   GDScript backtrace (most recent call first):
       [0] _grab (res://scripts/shared/drag_field.gd:157)
       [1] _handle (res://scripts/shared/drag_field.gd:130)
       [2] _input (res://scripts/shared/drag_field.gd:111)
ERROR: The object does not have any 'meta' values with the key 'grab_rect'.
   at: get_meta (core/object/object.cpp:1053)
   GDScript backtrace (most recent call first):
       [0] _grab (res://scripts/shared/drag_field.gd:157)
       [1] _handle (res://scripts/shared/drag_field.gd:130)
       [2] _input (res://scripts/shared/drag_field.gd:111)
ERROR: The object does not have any 'meta' values with the key 'grab_rect'.
   at: get_meta (core/object/object.cpp:1053)
   GDScript backtrace (most recent call first):
       [0] _grab (res://scripts/shared/drag_field.gd:157)
       [1] _handle (res://scripts/shared/drag_field.gd:130)
       [2] _input (res://scripts/shared/drag_field.gd:111)
ERROR: The object does not have any 'meta' values with the key 'grab_rect'.
   at: get_meta (core/object/object.cpp:1053)
   GDScript backtrace (most recent call first):
       [0] _grab (res://scripts/shared/drag_field.gd:157)
       [1] _handle (res://scripts/shared/drag_field.gd:130)
       [2] _input (res://scripts/shared/drag_field.gd:111)
ERROR: The object does not have any 'meta' values with the key 'grab_rect'.
   at: get_meta (core/object/object.cpp:1053)
   GDScript backtrace (most recent call first):
       [0] _grab (res://scripts/shared/drag_field.gd:157)
       [1] _handle (res://scripts/shared/drag_field.gd:130)
       [2] _input (res://scripts/shared/drag_field.gd:111)
ERROR: The object does not have any 'meta' values with the key 'grab_rect'.
   at: get_meta (core/object/object.cpp:1053)
   GDScript backtrace (most recent call first):
       [0] _grab (res://scripts/shared/drag_field.gd:157)
       [1] _handle (res://scripts/shared/drag_field.gd:118)
       [2] _input (res://scripts/shared/drag_field.gd:111)
DBG care ctx: garden_valid=true world=true finger=-1 locked=false blockers=4 level_id=harvest_16
DBG care after pour: state=GROWING care='' dailies_water=3
DBG final tap: bed=(-33.99994, 260.0) inside=false blocked=false under=0 wants=true state=NEEDS_CARE care='thirsty'
DBG final after: state=GROWING care=''
WARNING: garden: bed plot_1 cycle 3 was already paid for; freed without pay
     at: push_warning (core/variant/variant_utility.cpp:1033)
     GDScript backtrace (most recent call first):
         [0] _free_a_bed_paid_twice (res://scripts/garden/garden_screen.gd:1810)
         [1] _harvest_core (res://scripts/garden/garden_screen.gd:1843)
         [2] _harvest (res://scripts/garden/garden_screen.gd:1746)
         [3] _tap_plot (res://scripts/garden/garden_screen.gd:1580)
         [4] press_at (res://scripts/garden/farm_world_controller.gd:1153)
         [5] _up (res://scripts/garden/farm_world_controller.gd:1134)
         [6] _input (res://scripts/garden/farm_world_controller.gd:967)
FAIL  [1280x720] one tap on grass turns it into earth -- no tool to pick first
FAIL  [1280x720] the seed brush is live when one bed has been turned
FAIL  [1280x720] choosing seed circles only the turned bed it can really plant in
FAIL  [1280x720] a possible-bed halo is world art, never a control that can eat a drag
FAIL  [1280x720] a seed released near a bed is planted in it, not dropped on the floor
FAIL  [1280x720] and it is planted at the time it was planted
FAIL  [1280x720] ...and it is big enough for a thumb
FAIL  [1280x720] the complete sixteen-of-sixteen count stays readable inside the small entrance
FAIL  [1024x768] ...and it is big enough for a thumb
FAIL  [1024x768] the complete sixteen-of-sixteen count stays readable inside the small entrance
asked 1768 questions
GARDEN TOUCH PROBE FAILED
