Godot Engine v4.7.1.stable.official.a13da4feb - https://godotengine.org
OpenGL API 4.1 Metal - 90.5 - Compatibility - Using Device: Apple - Apple M5 Pro

[autoload] GameClock ok
[autoload] GameData starting
[autoload] GameData ok: 5 worlds, 67 levels, 15 monsters, 106 shop items, 2 characters, 12 outfit sets
[autoload] SaveManager starting
[autoload] SaveManager ok
[autoload] I18n starting
[autoload] I18n ok: locale=zh, 2 locales loaded
[autoload] AudioManager starting
[autoload] AudioManager ok
[autoload] SceneManager starting
[autoload] SceneManager ok
[autoload] TouchSparkles ok
FAIL [1024x768] harvest_12 tier 1 order 0 reaches the hand through the crop's real gesture
FAIL [1024x768] harvest_12 tier 1 order 0 reaches the hand through the crop's real gesture
FAIL [1024x768] harvest_12 tier 1 order 0 records whole harvests exactly once across completed orders
FAIL [1024x768] harvest_12 did not reach the real result page
FAIL [1024x768] harvest_13 tier 1 order 0 reaches the hand through the crop's real gesture
FAIL [1024x768] harvest_13 tier 1 order 0 reaches the hand through the crop's real gesture
FAIL [1024x768] harvest_13 tier 1 order 0 reaches the hand through the crop's real gesture
FAIL [1024x768] harvest_13 tier 1 order 0 records whole harvests exactly once across completed orders
FAIL [1024x768] harvest_13 tier 1 order 0 checkpoints delivery before the next friend arrives
FAIL [1024x768] harvest_13 tier 1 order 1 reaches the promised delivery
FAIL [1024x768] harvest_13 tier 1 order 1 exposes a fresh carrot
FAIL [1024x768] harvest_15 tier 1 order 0 reaches the hand through the crop's real gesture
FAIL [1024x768] harvest_15 tier 1 order 0 reaches the hand through the crop's real gesture
FAIL [1024x768] harvest_15 tier 1 order 0 records whole harvests exactly once across completed orders
FAIL [1024x768] harvest_15 tier 1 order 0 checkpoints delivery before the next friend arrives
FAIL [1024x768] harvest_15 tier 1 order 1 reaches the promised delivery
FAIL [1024x768] harvest_15 tier 1 order 1 exposes a fresh corn
FAIL [1024x768] harvest_13 tier 2 order 0 reaches the hand through the crop's real gesture
FAIL [1024x768] harvest_13 tier 2 order 0 reaches the hand through the crop's real gesture
FAIL [1024x768] harvest_13 tier 2 order 0 reaches the hand through the crop's real gesture
FAIL [1024x768] harvest_13 tier 2 order 0 records whole harvests exactly once across completed orders
FAIL [1024x768] harvest_13 tier 2 order 0 checkpoints delivery before the next friend arrives
FAIL [1024x768] harvest_13 tier 2 order 1 reaches the promised delivery
FAIL [1024x768] harvest_13 tier 2 order 1 exposes a fresh carrot
HARVEST COVERAGE PROBE FAILED checks=1269 failures=24
