Godot Engine v4.7.1.stable.official.a13da4feb - https://godotengine.org
OpenGL API 4.1 Metal - 90.5 - Compatibility - Using Device: Apple - Apple M5 Pro

[autoload] GameClock ok
[autoload] GameData starting
[autoload] GameData ok: 5 worlds, 67 levels, 15 monsters, 106 shop items, 2 characters, 12 outfit sets
[autoload] SaveManager starting
[autoload] SaveManager ok
[autoload] I18n starting
[autoload] I18n ok: locale=zh, 2 locales loaded
[autoload] AudioManager starting
[autoload] AudioManager ok
[autoload] SceneManager starting
[autoload] SceneManager ok
[autoload] TouchSparkles ok
INPUT_CONFIG mouse_from_touch=true touch_from_mouse=true accumulated=true
INPUT_TRACE { "case": "baseline_touch", "n": 1, "frame": 4, "usec": 1362489, "type": "InputEventMouseButton", "device": -1, "focus": true, "global_mask": 1, "position": (376.0, 180.0), "global_position": (376.0, 180.0), "mask": 1, "pressed": true, "button": 1, "world": { "finger": -1, "travelled": 0.0, "last": (0.0, 0.0), "locked": false }, "seed": { "touch": -1, "held": "" } }
INPUT_TRACE { "case": "baseline_touch", "n": 2, "frame": 4, "usec": 1362685, "type": "InputEventScreenTouch", "device": 0, "focus": true, "global_mask": 1, "position": (376.0, 180.0), "pressed": true, "index": 0, "world": { "finger": 0, "travelled": 0.0, "last": (376.0, 180.0), "locked": false }, "seed": { "touch": -1, "held": "" } }
INPUT_TRACE { "case": "baseline_touch", "n": 3, "frame": 5, "usec": 1368922, "type": "InputEventMouseButton", "device": -1, "focus": true, "global_mask": 0, "position": (376.0, 180.0), "global_position": (376.0, 180.0), "mask": 0, "pressed": false, "button": 1, "world": { "finger": 0, "travelled": 0.0, "last": (376.0, 180.0), "locked": false }, "seed": { "touch": -1, "held": "" } }
INPUT_TRACE { "case": "baseline_touch", "n": 4, "frame": 5, "usec": 1373033, "type": "InputEventScreenTouch", "device": 0, "focus": true, "global_mask": 0, "position": (376.0, 180.0), "pressed": false, "index": 0, "world": { "finger": -1, "travelled": 0.0, "last": (376.0, 180.0), "locked": false }, "seed": { "touch": -1, "held": "" } }
RESULT baseline state=TILLED
INPUT_TRACE { "case": "touch_plus_foreign_mouse_motion", "n": 5, "frame": 10, "usec": 1438760, "type": "InputEventMouseButton", "device": -1, "focus": true, "global_mask": 1, "position": (376.0, 180.0), "global_position": (376.0, 180.0), "mask": 1, "pressed": true, "button": 1, "world": { "finger": -1, "travelled": 0.0, "last": (376.0, 180.0), "locked": false }, "seed": { "touch": -1, "held": "" } }
INPUT_TRACE { "case": "touch_plus_foreign_mouse_motion", "n": 6, "frame": 10, "usec": 1438942, "type": "InputEventScreenTouch", "device": 0, "focus": true, "global_mask": 1, "position": (376.0, 180.0), "pressed": true, "index": 0, "world": { "finger": 0, "travelled": 0.0, "last": (376.0, 180.0), "locked": false }, "seed": { "touch": -1, "held": "" } }
INPUT_TRACE { "case": "touch_plus_foreign_mouse_motion", "n": 7, "frame": 11, "usec": 1443187, "type": "InputEventMouseMotion", "device": 32, "focus": true, "global_mask": 1, "position": (546.0, 180.0), "global_position": (546.0, 180.0), "mask": 0, "relative": (170.0, 0.0), "world": { "finger": 0, "travelled": 0.0, "last": (376.0, 180.0), "locked": false }, "seed": { "touch": -1, "held": "" } }
INPUT_TRACE { "case": "touch_plus_foreign_mouse_motion", "n": 8, "frame": 12, "usec": 1455147, "type": "InputEventMouseButton", "device": -1, "focus": true, "global_mask": 0, "position": (376.0, 180.0), "global_position": (376.0, 180.0), "mask": 0, "pressed": false, "button": 1, "world": { "finger": 0, "travelled": 0.0, "last": (376.0, 180.0), "locked": false }, "seed": { "touch": -1, "held": "" } }
INPUT_TRACE { "case": "touch_plus_foreign_mouse_motion", "n": 9, "frame": 12, "usec": 1458925, "type": "InputEventScreenTouch", "device": 0, "focus": true, "global_mask": 0, "position": (376.0, 180.0), "pressed": false, "index": 0, "world": { "finger": -1, "travelled": 0.0, "last": (376.0, 180.0), "locked": false }, "seed": { "touch": -1, "held": "" } }
RESULT mixed state=TILLED camera=(800.0, 600.0)
INPUT_TRACE { "case": "seed_drag_plus_foreign_mouse_motion", "n": 10, "frame": 17, "usec": 1505388, "type": "InputEventMouseButton", "device": -1, "focus": true, "global_mask": 1, "position": (48.0, 682.0), "global_position": (48.0, 682.0), "mask": 1, "pressed": true, "button": 1, "world": { "finger": -1, "travelled": 0.0, "last": (376.0, 180.0), "locked": false }, "seed": { "touch": -1, "held": "" } }
INPUT_TRACE { "case": "seed_drag_plus_foreign_mouse_motion", "n": 11, "frame": 17, "usec": 1506365, "type": "InputEventScreenTouch", "device": 0, "focus": true, "global_mask": 1, "position": (48.0, 682.0), "pressed": true, "index": 0, "world": { "finger": -1, "travelled": 0.0, "last": (376.0, 180.0), "locked": true }, "seed": { "touch": 0, "held": "carrot" } }
INPUT_TRACE { "case": "seed_drag_plus_foreign_mouse_motion", "n": 12, "frame": 18, "usec": 1512325, "type": "InputEventMouseMotion", "device": -1, "focus": true, "global_mask": 1, "position": (376.0, 214.0), "global_position": (376.0, 214.0), "mask": 1, "relative": (328.0, -468.0), "world": { "finger": -1, "travelled": 0.0, "last": (376.0, 180.0), "locked": true }, "seed": { "touch": 0, "held": "carrot" } }
INPUT_TRACE { "case": "seed_drag_plus_foreign_mouse_motion", "n": 13, "frame": 18, "usec": 1512422, "type": "InputEventScreenDrag", "device": 0, "focus": true, "global_mask": 1, "position": (376.0, 214.0), "relative": (328.0, -468.0), "index": 0, "world": { "finger": -1, "travelled": 0.0, "last": (376.0, 180.0), "locked": true }, "seed": { "touch": 0, "held": "carrot" } }
INPUT_TRACE { "case": "seed_drag_plus_foreign_mouse_motion", "n": 14, "frame": 19, "usec": 1516912, "type": "InputEventMouseMotion", "device": 32, "focus": true, "global_mask": 1, "position": (1050.0, 120.0), "global_position": (1050.0, 120.0), "mask": 0, "relative": (674.0, -94.0), "world": { "finger": -1, "travelled": 0.0, "last": (376.0, 180.0), "locked": true }, "seed": { "touch": 0, "held": "carrot" } }
INPUT_TRACE { "case": "seed_drag_plus_foreign_mouse_motion", "n": 15, "frame": 20, "usec": 1530159, "type": "InputEventMouseButton", "device": -1, "focus": true, "global_mask": 0, "position": (376.0, 214.0), "global_position": (376.0, 214.0), "mask": 0, "pressed": false, "button": 1, "world": { "finger": -1, "travelled": 0.0, "last": (376.0, 180.0), "locked": true }, "seed": { "touch": 0, "held": "carrot" } }
INPUT_TRACE { "case": "seed_drag_plus_foreign_mouse_motion", "n": 16, "frame": 20, "usec": 1532549, "type": "InputEventScreenTouch", "device": 0, "focus": true, "global_mask": 0, "position": (376.0, 214.0), "pressed": false, "index": 0, "world": { "finger": -1, "travelled": 0.0, "last": (376.0, 180.0), "locked": false }, "seed": { "touch": -1, "held": "" } }
RESULT mixed seed crop=carrot state=SEEDED
INPUT_TRACE { "case": "baseline_mouse", "n": 17, "frame": 25, "usec": 1584077, "type": "InputEventMouseMotion", "device": 32, "focus": true, "global_mask": 0, "position": (376.0, 180.0), "global_position": (376.0, 180.0), "mask": 0, "relative": (0.0, 0.0), "world": { "finger": -1, "travelled": 0.0, "last": (376.0, 180.0), "locked": false }, "seed": { "touch": -1, "held": "" } }
INPUT_TRACE { "case": "baseline_mouse", "n": 18, "frame": 26, "usec": 1597168, "type": "InputEventScreenTouch", "device": -1, "focus": true, "global_mask": 1, "position": (376.0, 180.0), "pressed": true, "index": 0, "world": { "finger": -1, "travelled": 0.0, "last": (376.0, 180.0), "locked": false }, "seed": { "touch": -1, "held": "" } }
INPUT_TRACE { "case": "baseline_mouse", "n": 19, "frame": 26, "usec": 1597364, "type": "InputEventMouseButton", "device": 32, "focus": true, "global_mask": 1, "position": (376.0, 180.0), "global_position": (376.0, 180.0), "mask": 0, "pressed": true, "button": 1, "world": { "finger": -2, "travelled": 0.0, "last": (376.0, 180.0), "locked": false }, "seed": { "touch": -1, "held": "" } }
INPUT_TRACE { "case": "baseline_mouse", "n": 20, "frame": 27, "usec": 1603723, "type": "InputEventScreenTouch", "device": -1, "focus": true, "global_mask": 0, "position": (376.0, 180.0), "pressed": false, "index": 0, "world": { "finger": -2, "travelled": 0.0, "last": (376.0, 180.0), "locked": false }, "seed": { "touch": -1, "held": "" } }
INPUT_TRACE { "case": "baseline_mouse", "n": 21, "frame": 27, "usec": 1607116, "type": "InputEventMouseButton", "device": 32, "focus": true, "global_mask": 0, "position": (376.0, 180.0), "global_position": (376.0, 180.0), "mask": 0, "pressed": false, "button": 1, "world": { "finger": -1, "travelled": 0.0, "last": (376.0, 180.0), "locked": false }, "seed": { "touch": -1, "held": "" } }
RESULT mouse state=TILLED
