Godot Engine v4.7.1.stable.official.a13da4feb - https://godotengine.org
OpenGL API 4.1 Metal - 90.5 - Compatibility - Using Device: Apple - Apple M5 Pro

[autoload] GameClock ok
[autoload] GameData starting
[autoload] GameData ok: 5 worlds, 67 levels, 15 monsters, 106 shop items, 2 characters, 12 outfit sets
[autoload] SaveManager starting
[autoload] SaveManager ok
[autoload] I18n starting
[autoload] I18n ok: locale=zh, 2 locales loaded
[autoload] AudioManager starting
[autoload] AudioManager ok
[autoload] SceneManager starting
[autoload] SceneManager ok
[autoload] TouchSparkles ok
INPUT_CONFIG mouse_from_touch=true touch_from_mouse=true accumulated=true
INPUT_TRACE { "case": "baseline_touch", "n": 1, "frame": 4, "usec": 1768753, "type": "InputEventMouseButton", "device": -1, "focus": false, "global_mask": 1, "position": (376.0, 180.0), "global_position": (376.0, 180.0), "mask": 1, "pressed": true, "button": 1, "world": { "finger": -1, "travelled": 0.0, "last": (0.0, 0.0), "locked": false }, "seed": { "touch": -1, "held": "" } }
INPUT_TRACE { "case": "baseline_touch", "n": 2, "frame": 4, "usec": 1769092, "type": "InputEventScreenTouch", "device": 0, "focus": false, "global_mask": 1, "position": (376.0, 180.0), "pressed": true, "index": 0, "world": { "finger": 0, "travelled": 0.0, "last": (376.0, 180.0), "locked": false }, "seed": { "touch": -1, "held": "" } }
INPUT_TRACE { "case": "baseline_touch", "n": 3, "frame": 5, "usec": 1780965, "type": "InputEventMouseButton", "device": -1, "focus": true, "global_mask": 0, "position": (1194.0, 449.0), "global_position": (1194.0, 449.0), "mask": 0, "pressed": false, "button": 1, "world": { "finger": 0, "travelled": 0.0, "last": (376.0, 180.0), "locked": false }, "seed": { "touch": -1, "held": "" } }
INPUT_TRACE { "case": "baseline_touch", "n": 4, "frame": 5, "usec": 1795658, "type": "InputEventScreenTouch", "device": 0, "focus": true, "global_mask": 0, "position": (376.0, 180.0), "pressed": false, "index": 0, "world": { "finger": -1, "travelled": 0.0, "last": (376.0, 180.0), "locked": false }, "seed": { "touch": -1, "held": "" } }
INPUT_TRACE { "case": "baseline_touch", "n": 5, "frame": 5, "usec": 1795812, "type": "InputEventMouseMotion", "device": 32, "focus": true, "global_mask": 0, "position": (1194.0, 449.0), "global_position": (1194.0, 449.0), "mask": 0, "relative": (0.0, 14.0), "world": { "finger": -1, "travelled": 0.0, "last": (376.0, 180.0), "locked": false }, "seed": { "touch": -1, "held": "" } }
INPUT_TRACE { "case": "baseline_touch", "n": 6, "frame": 6, "usec": 1828666, "type": "InputEventMouseMotion", "device": 32, "focus": true, "global_mask": 0, "position": (1193.0, 448.0), "global_position": (1193.0, 448.0), "mask": 0, "relative": (-2.0, 0.0), "world": { "finger": -1, "travelled": 0.0, "last": (376.0, 180.0), "locked": false }, "seed": { "touch": -1, "held": "" } }
INPUT_TRACE { "case": "baseline_touch", "n": 7, "frame": 7, "usec": 1836997, "type": "InputEventMouseMotion", "device": 32, "focus": true, "global_mask": 0, "position": (1192.0, 444.0), "global_position": (1192.0, 444.0), "mask": 0, "relative": (0.0, -4.0), "world": { "finger": -1, "travelled": 0.0, "last": (376.0, 180.0), "locked": false }, "seed": { "touch": -1, "held": "" } }
RESULT baseline state=TILLED
INPUT_TRACE { "case": "touch_plus_foreign_mouse_motion", "n": 8, "frame": 10, "usec": 1878875, "type": "InputEventMouseButton", "device": -1, "focus": true, "global_mask": 1, "position": (376.0, 180.0), "global_position": (376.0, 180.0), "mask": 1, "pressed": true, "button": 1, "world": { "finger": -1, "travelled": 0.0, "last": (376.0, 180.0), "locked": false }, "seed": { "touch": -1, "held": "" } }
INPUT_TRACE { "case": "touch_plus_foreign_mouse_motion", "n": 9, "frame": 10, "usec": 1879110, "type": "InputEventScreenTouch", "device": 0, "focus": true, "global_mask": 1, "position": (376.0, 180.0), "pressed": true, "index": 0, "world": { "finger": 0, "travelled": 0.0, "last": (376.0, 180.0), "locked": false }, "seed": { "touch": -1, "held": "" } }
INPUT_TRACE { "case": "touch_plus_foreign_mouse_motion", "n": 10, "frame": 10, "usec": 1879185, "type": "InputEventMouseMotion", "device": 32, "focus": true, "global_mask": 1, "position": (1176.0, 413.0), "global_position": (1176.0, 413.0), "mask": 0, "relative": (-4.0, -10.0), "world": { "finger": 0, "travelled": 0.0, "last": (376.0, 180.0), "locked": false }, "seed": { "touch": -1, "held": "" } }
INPUT_TRACE { "case": "touch_plus_foreign_mouse_motion", "n": 11, "frame": 11, "usec": 1887207, "type": "InputEventMouseMotion", "device": 32, "focus": true, "global_mask": 1, "position": (1166.0, 395.0), "global_position": (1166.0, 395.0), "mask": 0, "relative": (160.0, -16.0), "world": { "finger": 0, "travelled": 0.0, "last": (376.0, 180.0), "locked": false }, "seed": { "touch": -1, "held": "" } }
INPUT_TRACE { "case": "touch_plus_foreign_mouse_motion", "n": 12, "frame": 12, "usec": 1896003, "type": "InputEventMouseButton", "device": -1, "focus": true, "global_mask": 0, "position": (376.0, 180.0), "global_position": (376.0, 180.0), "mask": 0, "pressed": false, "button": 1, "world": { "finger": 0, "travelled": 0.0, "last": (376.0, 180.0), "locked": false }, "seed": { "touch": -1, "held": "" } }
INPUT_TRACE { "case": "touch_plus_foreign_mouse_motion", "n": 13, "frame": 12, "usec": 1900325, "type": "InputEventScreenTouch", "device": 0, "focus": true, "global_mask": 0, "position": (376.0, 180.0), "pressed": false, "index": 0, "world": { "finger": -1, "travelled": 0.0, "last": (376.0, 180.0), "locked": false }, "seed": { "touch": -1, "held": "" } }
INPUT_TRACE { "case": "touch_plus_foreign_mouse_motion", "n": 14, "frame": 12, "usec": 1900447, "type": "InputEventMouseMotion", "device": 32, "focus": true, "global_mask": 0, "position": (1158.0, 382.0), "global_position": (1158.0, 382.0), "mask": 0, "relative": (-8.0, -14.0), "world": { "finger": -1, "travelled": 0.0, "last": (376.0, 180.0), "locked": false }, "seed": { "touch": -1, "held": "" } }
INPUT_TRACE { "case": "touch_plus_foreign_mouse_motion", "n": 15, "frame": 14, "usec": 1929471, "type": "InputEventMouseMotion", "device": 32, "focus": true, "global_mask": 0, "position": (1104.0, 275.0), "global_position": (1104.0, 275.0), "mask": 0, "relative": (-54.0, -106.0), "world": { "finger": -1, "travelled": 0.0, "last": (376.0, 180.0), "locked": false }, "seed": { "touch": -1, "held": "" } }
RESULT mixed state=TILLED camera=(800.0, 600.0)
INPUT_TRACE { "case": "seed_drag_plus_foreign_mouse_motion", "n": 16, "frame": 17, "usec": 1965099, "type": "InputEventMouseButton", "device": -1, "focus": true, "global_mask": 1, "position": (48.0, 682.0), "global_position": (48.0, 682.0), "mask": 1, "pressed": true, "button": 1, "world": { "finger": -1, "travelled": 0.0, "last": (376.0, 180.0), "locked": false }, "seed": { "touch": -1, "held": "" } }
INPUT_TRACE { "case": "seed_drag_plus_foreign_mouse_motion", "n": 17, "frame": 17, "usec": 1966207, "type": "InputEventScreenTouch", "device": 0, "focus": true, "global_mask": 1, "position": (48.0, 682.0), "pressed": true, "index": 0, "world": { "finger": -1, "travelled": 0.0, "last": (376.0, 180.0), "locked": true }, "seed": { "touch": 0, "held": "carrot" } }
INPUT_TRACE { "case": "seed_drag_plus_foreign_mouse_motion", "n": 18, "frame": 17, "usec": 1966317, "type": "InputEventMouseMotion", "device": 32, "focus": true, "global_mask": 1, "position": (1033.0, 184.0), "global_position": (1033.0, 184.0), "mask": 0, "relative": (-52.0, -64.0), "world": { "finger": -1, "travelled": 0.0, "last": (376.0, 180.0), "locked": true }, "seed": { "touch": 0, "held": "carrot" } }
INPUT_TRACE { "case": "seed_drag_plus_foreign_mouse_motion", "n": 19, "frame": 18, "usec": 1971757, "type": "InputEventMouseMotion", "device": -1, "focus": true, "global_mask": 1, "position": (376.0, 214.0), "global_position": (376.0, 214.0), "mask": 1, "relative": (328.0, -468.0), "world": { "finger": -1, "travelled": 0.0, "last": (376.0, 180.0), "locked": true }, "seed": { "touch": 0, "held": "carrot" } }
INPUT_TRACE { "case": "seed_drag_plus_foreign_mouse_motion", "n": 20, "frame": 18, "usec": 1971943, "type": "InputEventScreenDrag", "device": 0, "focus": true, "global_mask": 1, "position": (376.0, 214.0), "relative": (328.0, -468.0), "index": 0, "world": { "finger": -1, "travelled": 0.0, "last": (376.0, 180.0), "locked": true }, "seed": { "touch": 0, "held": "carrot" } }
INPUT_TRACE { "case": "seed_drag_plus_foreign_mouse_motion", "n": 21, "frame": 18, "usec": 1972016, "type": "InputEventMouseMotion", "device": 32, "focus": true, "global_mask": 1, "position": (1014.0, 167.0), "global_position": (1014.0, 167.0), "mask": 0, "relative": (-18.0, -16.0), "world": { "finger": -1, "travelled": 0.0, "last": (376.0, 180.0), "locked": true }, "seed": { "touch": 0, "held": "carrot" } }
INPUT_TRACE { "case": "seed_drag_plus_foreign_mouse_motion", "n": 22, "frame": 19, "usec": 1985923, "type": "InputEventMouseMotion", "device": 32, "focus": true, "global_mask": 1, "position": (976.0, 139.0), "global_position": (976.0, 139.0), "mask": 0, "relative": (636.0, -124.0), "world": { "finger": -1, "travelled": 0.0, "last": (376.0, 180.0), "locked": true }, "seed": { "touch": 0, "held": "carrot" } }
INPUT_TRACE { "case": "seed_drag_plus_foreign_mouse_motion", "n": 23, "frame": 20, "usec": 1992510, "type": "InputEventMouseButton", "device": -1, "focus": true, "global_mask": 0, "position": (376.0, 214.0), "global_position": (376.0, 214.0), "mask": 0, "pressed": false, "button": 1, "world": { "finger": -1, "travelled": 0.0, "last": (376.0, 180.0), "locked": true }, "seed": { "touch": 0, "held": "carrot" } }
INPUT_TRACE { "case": "seed_drag_plus_foreign_mouse_motion", "n": 24, "frame": 20, "usec": 1995592, "type": "InputEventScreenTouch", "device": 0, "focus": true, "global_mask": 0, "position": (376.0, 214.0), "pressed": false, "index": 0, "world": { "finger": -1, "travelled": 0.0, "last": (376.0, 180.0), "locked": false }, "seed": { "touch": -1, "held": "" } }
INPUT_TRACE { "case": "seed_drag_plus_foreign_mouse_motion", "n": 25, "frame": 21, "usec": 2009535, "type": "InputEventMouseMotion", "device": 32, "focus": true, "global_mask": 0, "position": (918.0, 108.0), "global_position": (918.0, 108.0), "mask": 0, "relative": (-58.0, -30.0), "world": { "finger": -1, "travelled": 0.0, "last": (376.0, 180.0), "locked": false }, "seed": { "touch": -1, "held": "" } }
INPUT_TRACE { "case": "seed_drag_plus_foreign_mouse_motion", "n": 26, "frame": 22, "usec": 2023057, "type": "InputEventMouseMotion", "device": 32, "focus": true, "global_mask": 0, "position": (884.0, 96.0), "global_position": (884.0, 96.0), "mask": 0, "relative": (-34.0, -12.0), "world": { "finger": -1, "travelled": 0.0, "last": (376.0, 180.0), "locked": false }, "seed": { "touch": -1, "held": "" } }
RESULT mixed seed crop=carrot state=SEEDED
INPUT_TRACE { "case": "baseline_mouse", "n": 27, "frame": 25, "usec": 2066359, "type": "InputEventMouseMotion", "device": 32, "focus": true, "global_mask": 0, "position": (376.0, 180.0), "global_position": (376.0, 180.0), "mask": 0, "relative": (0.0, 0.0), "world": { "finger": -1, "travelled": 0.0, "last": (376.0, 180.0), "locked": false }, "seed": { "touch": -1, "held": "" } }
INPUT_TRACE { "case": "baseline_mouse", "n": 28, "frame": 26, "usec": 2073164, "type": "InputEventScreenTouch", "device": -1, "focus": true, "global_mask": 1, "position": (376.0, 180.0), "pressed": true, "index": 0, "world": { "finger": -1, "travelled": 0.0, "last": (376.0, 180.0), "locked": false }, "seed": { "touch": -1, "held": "" } }
INPUT_TRACE { "case": "baseline_mouse", "n": 29, "frame": 26, "usec": 2073568, "type": "InputEventMouseButton", "device": 32, "focus": true, "global_mask": 1, "position": (376.0, 180.0), "global_position": (376.0, 180.0), "mask": 0, "pressed": true, "button": 1, "world": { "finger": -2, "travelled": 0.0, "last": (376.0, 180.0), "locked": false }, "seed": { "touch": -1, "held": "" } }
INPUT_TRACE { "case": "baseline_mouse", "n": 30, "frame": 26, "usec": 2073704, "type": "InputEventMouseMotion", "device": 32, "focus": true, "global_mask": 1, "position": (839.0, 89.0), "global_position": (839.0, 89.0), "mask": 0, "relative": (-6.0, 0.0), "world": { "finger": -2, "travelled": 471.858032226562, "last": (839.0, 89.0), "locked": false }, "seed": { "touch": -1, "held": "" } }
INPUT_TRACE { "case": "baseline_mouse", "n": 31, "frame": 27, "usec": 2082618, "type": "InputEventScreenTouch", "device": -1, "focus": true, "global_mask": 0, "position": (376.0, 180.0), "pressed": false, "index": 0, "world": { "finger": -2, "travelled": 471.858032226562, "last": (839.0, 89.0), "locked": false }, "seed": { "touch": -1, "held": "" } }
INPUT_TRACE { "case": "baseline_mouse", "n": 32, "frame": 27, "usec": 2082766, "type": "InputEventMouseButton", "device": 32, "focus": true, "global_mask": 0, "position": (376.0, 180.0), "global_position": (376.0, 180.0), "mask": 0, "pressed": false, "button": 1, "world": { "finger": -1, "travelled": 471.858032226562, "last": (839.0, 89.0), "locked": false }, "seed": { "touch": -1, "held": "" } }
RESULT mouse state=EMPTY
