Godot Engine v4.7.1.stable.official.a13da4feb - https://godotengine.org
OpenGL API 4.1 Metal - 90.5 - Compatibility - Using Device: Apple - Apple M5 Pro

[autoload] GameClock ok
[autoload] GameData starting
[autoload] GameData ok: 5 worlds, 67 levels, 15 monsters, 106 shop items, 2 characters, 12 outfit sets
[autoload] SaveManager starting
[autoload] SaveManager ok
[autoload] I18n starting
[autoload] I18n ok: locale=zh, 2 locales loaded
[autoload] AudioManager starting
[autoload] AudioManager ok
[autoload] SceneManager starting
[autoload] SceneManager ok
[autoload] TouchSparkles ok
INPUT_CONFIG mouse_from_touch=true touch_from_mouse=true accumulated=true
INPUT_TRACE { "case": "baseline_touch", "n": 1, "frame": 4, "usec": 1340044, "type": "InputEventMouseButton", "device": -1, "focus": true, "global_mask": 1, "position": (376.0, 180.0), "global_position": (376.0, 180.0), "mask": 1, "pressed": true, "button": 1, "world": { "finger": -2, "travelled": 0.0, "last": (376.0, 180.0), "locked": false }, "seed": { "touch": -1, "held": "" } }
INPUT_TRACE { "case": "baseline_touch", "n": 2, "frame": 4, "usec": 1340175, "type": "InputEventScreenTouch", "device": 0, "focus": true, "global_mask": 1, "position": (376.0, 180.0), "pressed": true, "index": 0, "world": { "finger": -2, "travelled": 0.0, "last": (376.0, 180.0), "locked": false }, "seed": { "touch": -1, "held": "" } }
INPUT_TRACE { "case": "baseline_touch", "n": 3, "frame": 5, "usec": 1351633, "type": "InputEventMouseButton", "device": -1, "focus": true, "global_mask": 0, "position": (376.0, 180.0), "global_position": (376.0, 180.0), "mask": 0, "pressed": false, "button": 1, "world": { "finger": -1, "travelled": 0.0, "last": (376.0, 180.0), "locked": false }, "seed": { "touch": -1, "held": "" } }
INPUT_TRACE { "case": "baseline_touch", "n": 4, "frame": 5, "usec": 1351733, "type": "InputEventScreenTouch", "device": 0, "focus": true, "global_mask": 0, "position": (376.0, 180.0), "pressed": false, "index": 0, "world": { "finger": -1, "travelled": 0.0, "last": (376.0, 180.0), "locked": false }, "seed": { "touch": -1, "held": "" } }
INPUT_TRACE { "case": "baseline_touch", "n": 5, "frame": 6, "usec": 1361497, "type": "InputEventMouseMotion", "device": 32, "focus": true, "global_mask": 0, "position": (-468.0, -167.0), "global_position": (-468.0, -167.0), "mask": 0, "relative": (6.0, 0.0), "world": { "finger": -1, "travelled": 0.0, "last": (376.0, 180.0), "locked": false }, "seed": { "touch": -1, "held": "" } }
INPUT_TRACE { "case": "baseline_touch", "n": 6, "frame": 7, "usec": 1404085, "type": "InputEventMouseMotion", "device": 32, "focus": true, "global_mask": 0, "position": (-460.0, -168.0), "global_position": (-460.0, -168.0), "mask": 0, "relative": (8.0, 0.0), "world": { "finger": -1, "travelled": 0.0, "last": (376.0, 180.0), "locked": false }, "seed": { "touch": -1, "held": "" } }
RESULT baseline state=TILLED
INPUT_TRACE { "case": "touch_plus_foreign_mouse_motion", "n": 7, "frame": 10, "usec": 1440791, "type": "InputEventMouseButton", "device": -1, "focus": true, "global_mask": 1, "position": (376.0, 180.0), "global_position": (376.0, 180.0), "mask": 1, "pressed": true, "button": 1, "world": { "finger": -2, "travelled": 0.0, "last": (376.0, 180.0), "locked": false }, "seed": { "touch": -1, "held": "" } }
INPUT_TRACE { "case": "touch_plus_foreign_mouse_motion", "n": 8, "frame": 10, "usec": 1440921, "type": "InputEventScreenTouch", "device": 0, "focus": true, "global_mask": 1, "position": (376.0, 180.0), "pressed": true, "index": 0, "world": { "finger": -2, "travelled": 0.0, "last": (376.0, 180.0), "locked": false }, "seed": { "touch": -1, "held": "" } }
INPUT_TRACE { "case": "touch_plus_foreign_mouse_motion", "n": 9, "frame": 11, "usec": 1448099, "type": "InputEventMouseMotion", "device": 32, "focus": true, "global_mask": 1, "position": (546.0, 180.0), "global_position": (546.0, 180.0), "mask": 0, "relative": (170.0, 0.0), "world": { "finger": -2, "travelled": 170.0, "last": (546.0, 180.0), "locked": false }, "seed": { "touch": -1, "held": "" } }
INPUT_TRACE { "case": "touch_plus_foreign_mouse_motion", "n": 10, "frame": 12, "usec": 1454348, "type": "InputEventMouseButton", "device": -1, "focus": true, "global_mask": 0, "position": (376.0, 180.0), "global_position": (376.0, 180.0), "mask": 0, "pressed": false, "button": 1, "world": { "finger": -1, "travelled": 170.0, "last": (546.0, 180.0), "locked": false }, "seed": { "touch": -1, "held": "" } }
INPUT_TRACE { "case": "touch_plus_foreign_mouse_motion", "n": 11, "frame": 12, "usec": 1454559, "type": "InputEventScreenTouch", "device": 0, "focus": true, "global_mask": 0, "position": (376.0, 180.0), "pressed": false, "index": 0, "world": { "finger": -1, "travelled": 170.0, "last": (546.0, 180.0), "locked": false }, "seed": { "touch": -1, "held": "" } }
RESULT mixed state=EMPTY camera=(800.0, 600.0)
INPUT_TRACE { "case": "seed_drag_plus_foreign_mouse_motion", "n": 12, "frame": 17, "usec": 1506815, "type": "InputEventMouseButton", "device": -1, "focus": true, "global_mask": 1, "position": (48.0, 682.0), "global_position": (48.0, 682.0), "mask": 1, "pressed": true, "button": 1, "world": { "finger": -1, "travelled": 170.0, "last": (546.0, 180.0), "locked": true }, "seed": { "touch": -2, "held": "carrot" } }
INPUT_TRACE { "case": "seed_drag_plus_foreign_mouse_motion", "n": 13, "frame": 17, "usec": 1506959, "type": "InputEventScreenTouch", "device": 0, "focus": true, "global_mask": 1, "position": (48.0, 682.0), "pressed": true, "index": 0, "world": { "finger": -1, "travelled": 170.0, "last": (546.0, 180.0), "locked": true }, "seed": { "touch": -2, "held": "carrot" } }
INPUT_TRACE { "case": "seed_drag_plus_foreign_mouse_motion", "n": 14, "frame": 17, "usec": 1507025, "type": "InputEventMouseMotion", "device": 32, "focus": true, "global_mask": 1, "position": (-461.0, -167.0), "global_position": (-461.0, -167.0), "mask": 0, "relative": (0.0, 0.0), "world": { "finger": -1, "travelled": 170.0, "last": (546.0, 180.0), "locked": true }, "seed": { "touch": -2, "held": "carrot" } }
INPUT_TRACE { "case": "seed_drag_plus_foreign_mouse_motion", "n": 15, "frame": 18, "usec": 1512925, "type": "InputEventMouseMotion", "device": -1, "focus": true, "global_mask": 1, "position": (376.0, 214.0), "global_position": (376.0, 214.0), "mask": 1, "relative": (328.0, -468.0), "world": { "finger": -1, "travelled": 170.0, "last": (546.0, 180.0), "locked": true }, "seed": { "touch": -2, "held": "carrot" } }
INPUT_TRACE { "case": "seed_drag_plus_foreign_mouse_motion", "n": 16, "frame": 18, "usec": 1513039, "type": "InputEventScreenDrag", "device": 0, "focus": true, "global_mask": 1, "position": (376.0, 214.0), "relative": (328.0, -468.0), "index": 0, "world": { "finger": -1, "travelled": 170.0, "last": (546.0, 180.0), "locked": true }, "seed": { "touch": -2, "held": "carrot" } }
INPUT_TRACE { "case": "seed_drag_plus_foreign_mouse_motion", "n": 17, "frame": 18, "usec": 1513088, "type": "InputEventMouseMotion", "device": 32, "focus": true, "global_mask": 1, "position": (-462.0, -166.0), "global_position": (-462.0, -166.0), "mask": 0, "relative": (0.0, 2.0), "world": { "finger": -1, "travelled": 170.0, "last": (546.0, 180.0), "locked": true }, "seed": { "touch": -2, "held": "carrot" } }
INPUT_TRACE { "case": "seed_drag_plus_foreign_mouse_motion", "n": 18, "frame": 19, "usec": 1527508, "type": "InputEventMouseMotion", "device": 32, "focus": true, "global_mask": 1, "position": (-466.0, -166.0), "global_position": (-466.0, -166.0), "mask": 0, "relative": (670.0, -94.0), "world": { "finger": -1, "travelled": 170.0, "last": (546.0, 180.0), "locked": true }, "seed": { "touch": -2, "held": "carrot" } }
INPUT_TRACE { "case": "seed_drag_plus_foreign_mouse_motion", "n": 19, "frame": 20, "usec": 1532862, "type": "InputEventMouseButton", "device": -1, "focus": true, "global_mask": 0, "position": (376.0, 214.0), "global_position": (376.0, 214.0), "mask": 0, "pressed": false, "button": 1, "world": { "finger": -1, "travelled": 170.0, "last": (546.0, 180.0), "locked": false }, "seed": { "touch": -1, "held": "" } }
INPUT_TRACE { "case": "seed_drag_plus_foreign_mouse_motion", "n": 20, "frame": 20, "usec": 1533048, "type": "InputEventScreenTouch", "device": 0, "focus": true, "global_mask": 0, "position": (376.0, 214.0), "pressed": false, "index": 0, "world": { "finger": -1, "travelled": 170.0, "last": (546.0, 180.0), "locked": false }, "seed": { "touch": -1, "held": "" } }
INPUT_TRACE { "case": "seed_drag_plus_foreign_mouse_motion", "n": 21, "frame": 21, "usec": 1538886, "type": "InputEventMouseMotion", "device": 32, "focus": true, "global_mask": 0, "position": (-467.0, -166.0), "global_position": (-467.0, -166.0), "mask": 0, "relative": (0.0, 0.0), "world": { "finger": -1, "travelled": 170.0, "last": (546.0, 180.0), "locked": false }, "seed": { "touch": -1, "held": "" } }
INPUT_TRACE { "case": "seed_drag_plus_foreign_mouse_motion", "n": 22, "frame": 22, "usec": 1552182, "type": "InputEventMouseMotion", "device": 32, "focus": true, "global_mask": 0, "position": (-473.0, -166.0), "global_position": (-473.0, -166.0), "mask": 0, "relative": (-6.0, 0.0), "world": { "finger": -1, "travelled": 170.0, "last": (546.0, 180.0), "locked": false }, "seed": { "touch": -1, "held": "" } }
RESULT mixed seed crop= state=TILLED
INPUT_TRACE { "case": "baseline_mouse", "n": 23, "frame": 25, "usec": 1585463, "type": "InputEventMouseMotion", "device": 32, "focus": true, "global_mask": 0, "position": (-478.0, -167.0), "global_position": (-478.0, -167.0), "mask": 0, "relative": (-2.0, 0.0), "world": { "finger": -1, "travelled": 170.0, "last": (546.0, 180.0), "locked": false }, "seed": { "touch": -1, "held": "" } }
INPUT_TRACE { "case": "baseline_mouse", "n": 24, "frame": 26, "usec": 1590804, "type": "InputEventScreenTouch", "device": -1, "focus": true, "global_mask": 1, "position": (376.0, 180.0), "pressed": true, "index": 0, "world": { "finger": 0, "travelled": 0.0, "last": (376.0, 180.0), "locked": false }, "seed": { "touch": -1, "held": "" } }
INPUT_TRACE { "case": "baseline_mouse", "n": 25, "frame": 26, "usec": 1590979, "type": "InputEventMouseButton", "device": 32, "focus": true, "global_mask": 1, "position": (376.0, 180.0), "global_position": (376.0, 180.0), "mask": 0, "pressed": true, "button": 1, "world": { "finger": 0, "travelled": 0.0, "last": (376.0, 180.0), "locked": false }, "seed": { "touch": -1, "held": "" } }
INPUT_TRACE { "case": "baseline_mouse", "n": 26, "frame": 27, "usec": 1601450, "type": "InputEventScreenTouch", "device": -1, "focus": true, "global_mask": 0, "position": (376.0, 180.0), "pressed": false, "index": 0, "world": { "finger": -1, "travelled": 0.0, "last": (376.0, 180.0), "locked": false }, "seed": { "touch": -1, "held": "" } }
INPUT_TRACE { "case": "baseline_mouse", "n": 27, "frame": 27, "usec": 1601584, "type": "InputEventMouseButton", "device": 32, "focus": true, "global_mask": 0, "position": (376.0, 180.0), "global_position": (376.0, 180.0), "mask": 0, "pressed": false, "button": 1, "world": { "finger": -1, "travelled": 0.0, "last": (376.0, 180.0), "locked": false }, "seed": { "touch": -1, "held": "" } }
INPUT_TRACE { "case": "baseline_mouse", "n": 28, "frame": 28, "usec": 1617872, "type": "InputEventMouseMotion", "device": 32, "focus": true, "global_mask": 0, "position": (-478.0, -168.0), "global_position": (-478.0, -168.0), "mask": 0, "relative": (0.0, 0.0), "world": { "finger": -1, "travelled": 0.0, "last": (376.0, 180.0), "locked": false }, "seed": { "touch": -1, "held": "" } }
RESULT mouse state=TILLED
